[
  {
    "id": 1,
    "date": "2023-06-28",
    "score": 318,
    "gameType": "national 40",
    "scores": [
      7,
      5,
      3,
      3,
      3,
      1,
      9,
      5,
      5,
      3,
      3,
      1,
      5,
      5,
      5,
      3,
      "M",
      "M",
      9,
      9,
      5,
      5,
      3,
      "M",
      5,
      5,
      3,
      3,
      "M",
      "M",
      5,
      3,
      3,
      1,
      "M",
      "M",
      7,
      5,
      5,
      5,
      3,
      3,
      9,
      7,
      7,
      7,
      5,
      5,
      7,
      5,
      3,
      3,
      3,
      1,
      9,
      7,
      7,
      7,
      5,
      "M",
      9,
      7,
      5,
      5,
      5,
      3,
      7,
      7,
      7,
      5,
      5,
      3
    ]
  },
  {
    "id": 3,
    "date": "2023-07-05",
    "score": 412,
    "gameType": "national 30",
    "scores": [
      9,
      9,
      7,
      5,
      3,
      3,
      9,
      7,
      5,
      5,
      5,
      5,
      9,
      5,
      5,
      3,
      3,
      1,
      9,
      9,
      5,
      3,
      1,
      1,
      7,
      7,
      7,
      5,
      3,
      3,
      9,
      5,
      5,
      5,
      5,
      1,
      7,
      5,
      5,
      3,
      1,
      1,
      9,
      9,
      7,
      7,
      5,
      3,
      9,
      7,
      7,
      7,
      7,
      5,
      7,
      7,
      5,
      5,
      5,
      5,
      9,
      9,
      7,
      7,
      7,
      5,
      9,
      7,
      7,
      7,
      7,
      5
    ]
  },
  {
    "id": 4,
    "date": "2023-07-13",
    "score": 336,
    "gameType": "national 40",
    "scores": [
      7,
      7,
      5,
      5,
      1,
      "M",
      7,
      7,
      5,
      3,
      3,
      "M",
      7,
      7,
      7,
      5,
      1,
      "M",
      9,
      7,
      5,
      3,
      1,
      1,
      7,
      7,
      5,
      5,
      1,
      1,
      7,
      5,
      5,
      3,
      1,
      "M",
      7,
      5,
      3,
      1,
      "M",
      "M",
      9,
      7,
      7,
      7,
      5,
      3,
      7,
      7,
      5,
      5,
      5,
      3,
      9,
      7,
      5,
      5,
      5,
      3,
      9,
      7,
      5,
      5,
      3,
      3,
      9,
      7,
      5,
      5,
      5,
      3
    ]
  },
  {
    "id": 5,
    "date": "2023-07-19",
    "score": 393,
    "gameType": "national 40",
    "scores": [
      9,
      5,
      5,
      5,
      3,
      3,
      9,
      7,
      7,
      3,
      3,
      1,
      7,
      5,
      3,
      3,
      1,
      "M",
      7,
      7,
      7,
      5,
      5,
      3,
      9,
      9,
      7,
      5,
      5,
      3,
      9,
      9,
      5,
      3,
      "M",
      "M",
      9,
      7,
      7,
      3,
      3,
      1,
      7,
      7,
      7,
      5,
      5,
      5,
      9,
      7,
      7,
      7,
      7,
      5,
      9,
      7,
      7,
      5,
      5,
      5,
      7,
      7,
      5,
      5,
      5,
      3,
      9,
      7,
      7,
      5,
      5,
      5
    ]
  },
  {
    "id": 6,
    "date": "2023-06-08",
    "score": 363,
    "gameType": "national 30",
    "scores": [
      9,
      9,
      7,
      7,
      7,
      1,
      5,
      5,
      3,
      3,
      3,
      3,
      9,
      3,
      3,
      1,
      1,
      1,
      9,
      5,
      5,
      3,
      3,
      3,
      7,
      5,
      5,
      3,
      3,
      "M",
      5,
      5,
      3,
      3,
      3,
      3,
      5,
      5,
      5,
      3,
      1,
      "M",
      9,
      7,
      7,
      5,
      5,
      3,
      9,
      7,
      7,
      7,
      7,
      3,
      9,
      7,
      7,
      7,
      3,
      1,
      9,
      9,
      9,
      7,
      7,
      "M",
      9,
      7,
      7,
      7,
      5,
      5
    ]
  },
  {
    "id": 7,
    "date": "2023-07-27",
    "score": 433,
    "gameType": "national 40",
    "scores": [
      9,
      9,
      9,
      7,
      5,
      5,
      9,
      7,
      7,
      5,
      5,
      1,
      9,
      7,
      7,
      5,
      5,
      5,
      7,
      5,
      5,
      3,
      3,
      3,
      9,
      5,
      5,
      3,
      1,
      "M",
      7,
      7,
      5,
      5,
      1,
      1,
      9,
      5,
      5,
      3,
      3,
      1,
      7,
      7,
      7,
      7,
      5,
      5,
      9,
      9,
      7,
      7,
      7,
      7,
      9,
      7,
      7,
      7,
      7,
      5,
      9,
      9,
      7,
      7,
      7,
      5,
      9,
      9,
      7,
      7,
      7,
      7
    ]
  },
  {
    "id": 8,
    "date": "2023-07-29",
    "score": 442,
    "gameType": "national 40",
    "scores": [
      7,
      7,
      5,
      1,
      1,
      "M",
      9,
      7,
      5,
      1,
      1,
      1,
      9,
      9,
      9,
      9,
      7,
      3,
      7,
      7,
      7,
      7,
      7,
      5,
      9,
      7,
      7,
      7,
      5,
      5,
      9,
      7,
      7,
      3,
      3,
      3,
      9,
      7,
      5,
      5,
      5,
      "M",
      9,
      9,
      7,
      5,
      3,
      3,
      7,
      7,
      7,
      5,
      5,
      3,
      9,
      9,
      9,
      7,
      7,
      5,
      9,
      9,
      7,
      7,
      7,
      7,
      9,
      9,
      9,
      7,
      7,
      5
    ]
  },
  {
    "id": 9,
    "date": "2023-08-12",
    "score": 464,
    "gameType": "national 40",
    "scores": [
      9,
      7,
      7,
      7,
      7,
      3,
      9,
      9,
      7,
      5,
      5,
      "M",
      7,
      5,
      5,
      3,
      3,
      3,
      9,
      9,
      9,
      9,
      7,
      7,
      7,
      7,
      7,
      7,
      5,
      5,
      7,
      7,
      5,
      5,
      3,
      "M",
      9,
      9,
      7,
      5,
      5,
      1,
      7,
      7,
      5,
      5,
      5,
      1,
      9,
      7,
      7,
      7,
      5,
      5,
      9,
      9,
      9,
      9,
      7,
      7,
      9,
      9,
      9,
      9,
      7,
      5,
      9,
      9,
      9,
      7,
      5,
      5
    ]
  },
  {
    "id": 10,
    "date": "2023-08-13",
    "score": 715,
    "gameType": "windsor 40",
    "scores": [
      7,
      5,
      5,
      5,
      3,
      1,
      7,
      7,
      5,
      3,
      1,
      "M",
      5,
      3,
      1,
      1,
      "M",
      "M",
      9,
      9,
      5,
      1,
      "M",
      "M",
      7,
      7,
      7,
      5,
      3,
      3,
      7,
      7,
      5,
      5,
      5,
      5,
      9,
      7,
      7,
      7,
      7,
      7,
      7,
      7,
      7,
      7,
      7,
      5,
      9,
      9,
      9,
      7,
      7,
      7,
      9,
      9,
      7,
      7,
      5,
      5,
      9,
      7,
      7,
      7,
      7,
      7,
      9,
      9,
      9,
      7,
      7,
      5,
      9,
      9,
      9,
      9,
      9,
      9,
      9,
      9,
      9,
      9,
      9,
      7,
      9,
      9,
      9,
      9,
      7,
      7,
      9,
      9,
      9,
      9,
      9,
      7,
      9,
      9,
      7,
      7,
      7,
      7,
      9,
      9,
      9,
      9,
      7,
      5
    ]
  },
  {
    "id": 11,
    "date": "2023-08-20",
    "score": 465,
    "gameType": "national 40",
    "scores": [
      9,
      9,
      7,
      5,
      5,
      5,
      9,
      7,
      7,
      7,
      5,
      5,
      9,
      9,
      9,
      7,
      5,
      1,
      9,
      7,
      7,
      5,
      3,
      "M",
      7,
      7,
      5,
      5,
      3,
      3,
      9,
      5,
      5,
      5,
      3,
      3,
      9,
      9,
      9,
      7,
      7,
      7,
      9,
      7,
      7,
      7,
      5,
      3,
      9,
      9,
      7,
      5,
      5,
      3,
      9,
      7,
      7,
      7,
      7,
      5,
      9,
      7,
      7,
      7,
      7,
      5,
      9,
      9,
      7,
      7,
      7,
      7
    ]
  },
  {
    "id": 11,
    "date": "2023-09-02",
    "score": 498,
    "gameType": "national 40",
    "scores": [
      9,
      7,
      7,
      5,
      5,
      3,
      9,
      9,
      9,
      9,
      7,
      7,
      9,
      9,
      7,
      7,
      7,
      7,
      9,
      9,
      9,
      5,
      5,
      5,
      9,
      9,
      9,
      9,
      9,
      5,
      9,
      5,
      5,
      5,
      3,
      3,
      7,
      7,
      5,
      5,
      5,
      3,
      9,
      9,
      7,
      7,
      7,
      5,
      9,
      9,
      7,
      5,
      5,
      3,
      9,
      7,
      7,
      7,
      7,
      7,
      9,
      9,
      7,
      7,
      7,
      5,
      7,
      7,
      7,
      7,
      7,
      7
    ]
  },
  {
    "id": 12,
    "date": "2023-09-17",
    "score": 774,
    "gameType": "windsor 40",
    "scores": [
      9,
      7,
      5,
      5,
      5,
      1,
      9,
      9,
      7,
      7,
      5,
      3,
      9,
      9,
      7,
      7,
      5,
      3,
      9,
      9,
      7,
      7,
      7,
      5,
      9,
      9,
      9,
      7,
      7,
      7,
      9,
      7,
      7,
      5,
      5,
      1,
      7,
      7,
      7,
      5,
      5,
      5,
      9,
      7,
      7,
      7,
      5,
      5,
      9,
      7,
      7,
      7,
      7,
      5,
      9,
      7,
      7,
      7,
      5,
      5,
      9,
      9,
      7,
      7,
      5,
      5,
      9,
      7,
      7,
      7,
      7,
      5,
      9,
      9,
      9,
      9,
      7,
      7,
      9,
      9,
      9,
      9,
      7,
      5,
      9,
      9,
      9,
      9,
      7,
      7,
      9,
      9,
      9,
      9,
      7,
      5,
      9,
      9,
      9,
      9,
      9,
      7,
      9,
      9,
      7,
      7,
      7,
      7
    ]
  },
  {
    "id": 13,
    "date": "2023-09-23",
    "score": 449,
    "gameType": "national 50",
    "scores": [
      9,
      7,
      5,
      5,
      5,
      1,
      9,
      7,
      7,
      5,
      5,
      5,
      7,
      7,
      7,
      5,
      3,
      3,
      9,
      9,
      7,
      5,
      5,
      3,
      9,
      9,
      9,
      5,
      5,
      3,
      7,
      5,
      5,
      5,
      5,
      3,
      9,
      7,
      7,
      7,
      7,
      5,
      9,
      9,
      7,
      7,
      5,
      "M",
      9,
      9,
      7,
      7,
      5,
      1,
      7,
      7,
      7,
      7,
      7,
      1,
      9,
      7,
      7,
      7,
      7,
      5,
      9,
      9,
      7,
      7,
      7,
      5
    ]
  },
  {
    "id": 14,
    "date": "2023-10-07",
    "score": 238,
    "gameType": "frostbite",
    "scores": [
      9,
      7,
      7,
      6,
      4,
      2,
      8,
      7,
      7,
      5,
      5,
      3,
      8,
      7,
      7,
      7,
      6,
      4,
      "X",
      8,
      7,
      7,
      6,
      3,
      9,
      8,
      8,
      8,
      7,
      4,
      10,
      8,
      8,
      7,
      7,
      4
    ],
    "unit": "m"
  },
  {
    "id": 17,
    "date": "2023-12-16",
    "score": 236,
    "gameType": "frostbite",
    "scores": [
      8,
      5,
      5,
      5,
      1,
      1,
      "X",
      8,
      8,
      6,
      5,
      2,
      9,
      8,
      7,
      7,
      6,
      3,
      10,
      9,
      8,
      8,
      7,
      4,
      9,
      9,
      8,
      8,
      8,
      4,
      9,
      8,
      7,
      7,
      6,
      3
    ],
    "unit": "m"
  },
  {
    "id": 18,
    "date": "2023-12-16",
    "score": 193,
    "gameType": "frostbite",
    "scores": [
      9,
      9,
      9,
      7,
      "M",
      "M",
      8,
      7,
      5,
      4,
      2,
      "M",
      "X",
      9,
      9,
      6,
      1,
      "M",
      8,
      7,
      6,
      2,
      "M",
      "M",
      10,
      9,
      6,
      6,
      6,
      3,
      8,
      8,
      6,
      6,
      4,
      3
    ],
    "unit": "m"
  },
  {
    "id": 19,
    "date": "2024-04-14",
    "score": 826,
    "gameType": "windsor 50",
    "scores": [
      9,
      7,
      7,
      7,
      5,
      5,
      9,
      9,
      7,
      7,
      7,
      7,
      9,
      9,
      9,
      7,
      5,
      5,
      7,
      7,
      7,
      7,
      3,
      3,
      9,
      9,
      9,
      7,
      7,
      3,
      7,
      7,
      7,
      5,
      3,
      3,
      9,
      9,
      7,
      7,
      7,
      7,
      9,
      9,
      9,
      9,
      9,
      7,
      9,
      9,
      9,
      9,
      9,
      7,
      9,
      9,
      9,
      7,
      5,
      5,
      9,
      9,
      7,
      7,
      7,
      7,
      9,
      9,
      9,
      9,
      7,
      5,
      9,
      9,
      9,
      7,
      7,
      5,
      9,
      9,
      7,
      7,
      7,
      5,
      9,
      9,
      9,
      9,
      9,
      7,
      9,
      9,
      9,
      9,
      9,
      7,
      9,
      9,
      9,
      9,
      7,
      7,
      9,
      9,
      9,
      9,
      9,
      9
    ],
    "unit": "yd"
  },
  {
    "id": 20,
    "date": "2024-04-20",
    "score": 512,
    "gameType": "national 50",
    "scores": [
      9,
      7,
      7,
      7,
      7,
      5,
      9,
      9,
      7,
      7,
      7,
      7,
      7,
      7,
      7,
      7,
      7,
      7,
      9,
      9,
      9,
      9,
      7,
      7,
      7,
      7,
      7,
      7,
      5,
      3,
      9,
      9,
      9,
      7,
      7,
      7,
      7,
      7,
      7,
      7,
      5,
      5,
      9,
      7,
      7,
      7,
      5,
      3,
      9,
      7,
      7,
      5,
      5,
      1,
      7,
      7,
      7,
      7,
      7,
      5,
      9,
      9,
      9,
      9,
      7,
      7,
      9,
      9,
      9,
      7,
      7,
      7
    ],
    "unit": "yd"
  }
]