{
  "albion / long windsor": {
    "distancesRoundSizes": [
      3,
      3,
      3
    ],
    "scores": [
      9,
      7,
      5,
      3,
      1,
      "M"
    ],
    "unit": "yd",
    "endSize": 6,
    "isOutdoor": true,
    "maxArrows": 108,
    "numberOfEnds": 18,
    "isImperial": true,
    "maxDistanceMetres": 73.12614259597805,
    "maxDistanceYards": 80
  },
  "american": {
    "distancesRoundSizes": [
      2.5,
      2.5,
      2.5
    ],
    "scores": [
      9,
      7,
      5,
      3,
      1,
      "M"
    ],
    "unit": "yd",
    "endSize": 6,
    "isOutdoor": true,
    "maxArrows": 90,
    "numberOfEnds": 15,
    "isImperial": true,
    "maxDistanceMetres": 54.84460694698354,
    "maxDistanceYards": 60
  },
  "bray i": {
    "distancesRoundSizes": [
      2.5
    ],
    "scores": [
      10,
      9,
      8,
      7,
      6,
      5,
      4,
      3,
      2,
      1,
      "M"
    ],
    "unit": "m",
    "endSize": 6,
    "isOutdoor": false,
    "maxArrows": 30,
    "numberOfEnds": 5,
    "isImperial": false,
    "maxDistanceMetres": 18.281535648994513,
    "maxDistanceYards": 20
  },
  "bray ii": {
    "distancesRoundSizes": [
      2.5
    ],
    "scores": [
      10,
      9,
      8,
      7,
      6,
      5,
      4,
      3,
      2,
      1,
      "M"
    ],
    "unit": "m",
    "endSize": 6,
    "isOutdoor": false,
    "maxArrows": 30,
    "numberOfEnds": 5,
    "isImperial": false,
    "maxDistanceMetres": 22.851919561243143,
    "maxDistanceYards": 25
  },
  "bristol ii": {
    "distancesRoundSizes": [
      6,
      4,
      2
    ],
    "scores": [
      9,
      7,
      5,
      3,
      1,
      "M"
    ],
    "unit": "yd",
    "endSize": 6,
    "isOutdoor": true,
    "maxArrows": 144,
    "numberOfEnds": 24,
    "isImperial": true,
    "maxDistanceMetres": 54.84460694698354,
    "maxDistanceYards": 60
  },
  "bristol iii": {
    "distancesRoundSizes": [
      6,
      4,
      2
    ],
    "scores": [
      9,
      7,
      5,
      3,
      1,
      "M"
    ],
    "unit": "yd",
    "endSize": 6,
    "isOutdoor": true,
    "maxArrows": 144,
    "numberOfEnds": 24,
    "isImperial": true,
    "maxDistanceMetres": 45.703839122486286,
    "maxDistanceYards": 50
  },
  "bristol iv": {
    "distancesRoundSizes": [
      6,
      4,
      2
    ],
    "scores": [
      9,
      7,
      5,
      3,
      1,
      "M"
    ],
    "unit": "yd",
    "endSize": 6,
    "isOutdoor": true,
    "maxArrows": 144,
    "numberOfEnds": 24,
    "isImperial": true,
    "maxDistanceMetres": 36.563071297989026,
    "maxDistanceYards": 40
  },
  "bristol v": {
    "distancesRoundSizes": [
      6,
      4,
      2
    ],
    "scores": [
      9,
      7,
      5,
      3,
      1,
      "M"
    ],
    "unit": "yd",
    "endSize": 6,
    "isOutdoor": true,
    "maxArrows": 144,
    "numberOfEnds": 24,
    "isImperial": true,
    "maxDistanceMetres": 27.42230347349177,
    "maxDistanceYards": 30
  },
  "frostbite": {
    "distancesRoundSizes": [
      3
    ],
    "scores": [
      "X",
      10,
      9,
      8,
      7,
      6,
      5,
      4,
      3,
      2,
      1,
      "M"
    ],
    "unit": "m",
    "endSize": 6,
    "isOutdoor": true,
    "maxArrows": 36,
    "numberOfEnds": 6,
    "isImperial": false,
    "maxDistanceMetres": null,
    "maxDistanceYards": 32.82
  },
  "hereford / bristol i": {
    "distancesRoundSizes": [
      6,
      4,
      2
    ],
    "scores": [
      9,
      7,
      5,
      3,
      1,
      "M"
    ],
    "unit": "yd",
    "endSize": 6,
    "isOutdoor": true,
    "maxArrows": 144,
    "numberOfEnds": 24,
    "isImperial": true,
    "maxDistanceMetres": 73.12614259597805,
    "maxDistanceYards": 80
  },
  "long metric (men)": {
    "distancesRoundSizes": [
      3,
      3
    ],
    "scores": [
      "X",
      10,
      9,
      8,
      7,
      6,
      5,
      4,
      3,
      2,
      1,
      "M"
    ],
    "unit": "m",
    "endSize": 6,
    "isOutdoor": true,
    "maxArrows": 72,
    "numberOfEnds": 12,
    "isImperial": false,
    "maxDistanceMetres": null,
    "maxDistanceYards": 98.46000000000001
  },
  "long metric (women) / long metric i": {
    "distancesRoundSizes": [
      3,
      3
    ],
    "scores": [
      "X",
      10,
      9,
      8,
      7,
      6,
      5,
      4,
      3,
      2,
      1,
      "M"
    ],
    "unit": "m",
    "endSize": 6,
    "isOutdoor": true,
    "maxArrows": 72,
    "numberOfEnds": 12,
    "isImperial": false,
    "maxDistanceMetres": null,
    "maxDistanceYards": 76.58000000000001
  },
  "long metric ii": {
    "distancesRoundSizes": [
      3,
      3
    ],
    "scores": [
      "X",
      10,
      9,
      8,
      7,
      6,
      5,
      4,
      3,
      2,
      1,
      "M"
    ],
    "unit": "m",
    "endSize": 6,
    "isOutdoor": true,
    "maxArrows": 72,
    "numberOfEnds": 12,
    "isImperial": false,
    "maxDistanceMetres": null,
    "maxDistanceYards": 65.64
  },
  "long metric iii": {
    "distancesRoundSizes": [
      3,
      3
    ],
    "scores": [
      "X",
      10,
      9,
      8,
      7,
      6,
      5,
      4,
      3,
      2,
      1,
      "M"
    ],
    "unit": "m",
    "endSize": 6,
    "isOutdoor": true,
    "maxArrows": 72,
    "numberOfEnds": 12,
    "isImperial": false,
    "maxDistanceMetres": null,
    "maxDistanceYards": 54.7
  },
  "long metric iv": {
    "distancesRoundSizes": [
      3,
      3
    ],
    "scores": [
      "X",
      10,
      9,
      8,
      7,
      6,
      5,
      4,
      3,
      2,
      1,
      "M"
    ],
    "unit": "m",
    "endSize": 6,
    "isOutdoor": true,
    "maxArrows": 72,
    "numberOfEnds": 12,
    "isImperial": false,
    "maxDistanceMetres": null,
    "maxDistanceYards": 43.760000000000005
  },
  "long metric v": {
    "distancesRoundSizes": [
      3,
      3
    ],
    "scores": [
      "X",
      10,
      9,
      8,
      7,
      6,
      5,
      4,
      3,
      2,
      1,
      "M"
    ],
    "unit": "m",
    "endSize": 6,
    "isOutdoor": true,
    "maxArrows": 72,
    "numberOfEnds": 12,
    "isImperial": false,
    "maxDistanceMetres": null,
    "maxDistanceYards": 32.82
  },
  "long national": {
    "distancesRoundSizes": [
      4,
      2
    ],
    "scores": [
      9,
      7,
      5,
      3,
      1,
      "M"
    ],
    "unit": "yd",
    "endSize": 6,
    "isOutdoor": true,
    "maxArrows": 72,
    "numberOfEnds": 12,
    "isImperial": true,
    "maxDistanceMetres": 73.12614259597805,
    "maxDistanceYards": 80
  },
  "long warwick": {
    "distancesRoundSizes": [
      2,
      2
    ],
    "scores": [
      9,
      7,
      5,
      3,
      1,
      "M"
    ],
    "unit": "yd",
    "endSize": 6,
    "isOutdoor": true,
    "maxArrows": 48,
    "numberOfEnds": 8,
    "isImperial": true,
    "maxDistanceMetres": 73.12614259597805,
    "maxDistanceYards": 80
  },
  "long western": {
    "distancesRoundSizes": [
      4,
      4
    ],
    "scores": [
      9,
      7,
      5,
      3,
      1,
      "M"
    ],
    "unit": "yd",
    "endSize": 6,
    "isOutdoor": true,
    "maxArrows": 96,
    "numberOfEnds": 16,
    "isImperial": true,
    "maxDistanceMetres": 73.12614259597805,
    "maxDistanceYards": 80
  },
  "metric 122-30": {
    "distancesRoundSizes": [
      6
    ],
    "scores": [
      "X",
      10,
      9,
      8,
      7,
      6,
      5,
      4,
      3,
      2,
      1,
      "M"
    ],
    "unit": "m",
    "endSize": 6,
    "isOutdoor": true,
    "maxArrows": 72,
    "numberOfEnds": 12,
    "isImperial": false,
    "maxDistanceMetres": null,
    "maxDistanceYards": 32.82
  },
  "metric 122-40": {
    "distancesRoundSizes": [
      6
    ],
    "scores": [
      "X",
      10,
      9,
      8,
      7,
      6,
      5,
      4,
      3,
      2,
      1,
      "M"
    ],
    "unit": "m",
    "endSize": 6,
    "isOutdoor": true,
    "maxArrows": 72,
    "numberOfEnds": 12,
    "isImperial": false,
    "maxDistanceMetres": null,
    "maxDistanceYards": 43.760000000000005
  },
  "metric 80-30": {
    "distancesRoundSizes": [
      6
    ],
    "scores": [
      "X",
      10,
      9,
      8,
      7,
      6,
      5,
      4,
      3,
      2,
      1,
      "M"
    ],
    "unit": "m",
    "endSize": 6,
    "isOutdoor": true,
    "maxArrows": 72,
    "numberOfEnds": 12,
    "isImperial": false,
    "maxDistanceMetres": null,
    "maxDistanceYards": 32.82
  },
  "metric 80-40": {
    "distancesRoundSizes": [
      6
    ],
    "scores": [
      "X",
      10,
      9,
      8,
      7,
      6,
      5,
      4,
      3,
      2,
      1,
      "M"
    ],
    "unit": "m",
    "endSize": 6,
    "isOutdoor": true,
    "maxArrows": 72,
    "numberOfEnds": 12,
    "isImperial": false,
    "maxDistanceMetres": null,
    "maxDistanceYards": 43.760000000000005
  },
  "metric iii": {
    "distancesRoundSizes": [
      3,
      3,
      3,
      3
    ],
    "scores": [
      "X",
      10,
      9,
      8,
      7,
      6,
      5,
      4,
      3,
      2,
      1,
      "M"
    ],
    "unit": "m",
    "endSize": 6,
    "isOutdoor": true,
    "maxArrows": 144,
    "numberOfEnds": 24,
    "isImperial": false,
    "maxDistanceMetres": null,
    "maxDistanceYards": 54.7
  },
  "metric iv": {
    "distancesRoundSizes": [
      3,
      3,
      3,
      3
    ],
    "scores": [
      "X",
      10,
      9,
      8,
      7,
      6,
      5,
      4,
      3,
      2,
      1,
      "M"
    ],
    "unit": "m",
    "endSize": 6,
    "isOutdoor": true,
    "maxArrows": 144,
    "numberOfEnds": 24,
    "isImperial": false,
    "maxDistanceMetres": null,
    "maxDistanceYards": 43.760000000000005
  },
  "metric v": {
    "distancesRoundSizes": [
      3,
      3,
      3,
      3
    ],
    "scores": [
      "X",
      10,
      9,
      8,
      7,
      6,
      5,
      4,
      3,
      2,
      1,
      "M"
    ],
    "unit": "m",
    "endSize": 6,
    "isOutdoor": true,
    "maxArrows": 144,
    "numberOfEnds": 24,
    "isImperial": false,
    "maxDistanceMetres": null,
    "maxDistanceYards": 32.82
  },
  "national": {
    "distancesRoundSizes": [
      4,
      2
    ],
    "scores": [
      9,
      7,
      5,
      3,
      1,
      "M"
    ],
    "unit": "yd",
    "endSize": 6,
    "isOutdoor": true,
    "maxArrows": 72,
    "numberOfEnds": 12,
    "isImperial": true,
    "maxDistanceMetres": 54.84460694698354,
    "maxDistanceYards": 60
  },
  "national 30": {
    "distancesRoundSizes": [
      4,
      2
    ],
    "scores": [
      9,
      7,
      5,
      3,
      1,
      "M"
    ],
    "unit": "yd",
    "endSize": 6,
    "isOutdoor": true,
    "maxArrows": 72,
    "numberOfEnds": 12,
    "isImperial": true,
    "maxDistanceMetres": 27.42230347349177,
    "maxDistanceYards": 30
  },
  "national 40": {
    "distancesRoundSizes": [
      4,
      2
    ],
    "scores": [
      9,
      7,
      5,
      3,
      1,
      "M"
    ],
    "unit": "yd",
    "endSize": 6,
    "isOutdoor": true,
    "maxArrows": 72,
    "numberOfEnds": 12,
    "isImperial": true,
    "maxDistanceMetres": 36.563071297989026,
    "maxDistanceYards": 40
  },
  "national 50": {
    "distancesRoundSizes": [
      4,
      2
    ],
    "scores": [
      9,
      7,
      5,
      3,
      1,
      "M"
    ],
    "unit": "yd",
    "endSize": 6,
    "isOutdoor": true,
    "maxArrows": 72,
    "numberOfEnds": 12,
    "isImperial": true,
    "maxDistanceMetres": 45.703839122486286,
    "maxDistanceYards": 50
  },
  "new national": {
    "distancesRoundSizes": [
      4,
      2
    ],
    "scores": [
      9,
      7,
      5,
      3,
      1,
      "M"
    ],
    "unit": "yd",
    "endSize": 6,
    "isOutdoor": true,
    "maxArrows": 72,
    "numberOfEnds": 12,
    "isImperial": true,
    "maxDistanceMetres": 91.40767824497257,
    "maxDistanceYards": 100
  },
  "new warwick": {
    "distancesRoundSizes": [
      2,
      2
    ],
    "scores": [
      9,
      7,
      5,
      3,
      1,
      "M"
    ],
    "unit": "yd",
    "endSize": 6,
    "isOutdoor": true,
    "maxArrows": 48,
    "numberOfEnds": 8,
    "isImperial": true,
    "maxDistanceMetres": 91.40767824497257,
    "maxDistanceYards": 100
  },
  "new western": {
    "distancesRoundSizes": [
      4,
      4
    ],
    "scores": [
      9,
      7,
      5,
      3,
      1,
      "M"
    ],
    "unit": "yd",
    "endSize": 6,
    "isOutdoor": true,
    "maxArrows": 96,
    "numberOfEnds": 16,
    "isImperial": true,
    "maxDistanceMetres": 91.40767824497257,
    "maxDistanceYards": 100
  },
  "portsmouth": {
    "distancesRoundSizes": [
      5
    ],
    "scores": [
      10,
      9,
      8,
      7,
      6,
      5,
      4,
      3,
      2,
      1,
      "M"
    ],
    "unit": "m",
    "endSize": 6,
    "isOutdoor": false,
    "maxArrows": 60,
    "numberOfEnds": 10,
    "isImperial": false,
    "maxDistanceMetres": 18.281535648994513,
    "maxDistanceYards": 20
  },
  "practice 100m": {
    "distancesRoundSizes": [
      100,
      100
    ],
    "scores": [
      "X",
      10,
      9,
      8,
      7,
      6,
      5,
      4,
      3,
      2,
      1,
      "M"
    ],
    "unit": "m",
    "endSize": 6,
    "isOutdoor": true,
    "maxArrows": 2400,
    "numberOfEnds": 400,
    "isImperial": false,
    "maxDistanceMetres": null,
    "maxDistanceYards": 109.4
  },
  "practice 100yd": {
    "distancesRoundSizes": [
      100
    ],
    "scores": [
      9,
      7,
      5,
      3,
      1,
      "M"
    ],
    "unit": "yd",
    "endSize": 6,
    "isOutdoor": true,
    "maxArrows": 1200,
    "numberOfEnds": 200,
    "isImperial": true,
    "maxDistanceMetres": 91.40767824497257,
    "maxDistanceYards": "100"
  },
  "practice 10m": {
    "distancesRoundSizes": [
      100,
      100
    ],
    "scores": [
      "X",
      10,
      9,
      8,
      7,
      6,
      5,
      4,
      3,
      2,
      1,
      "M"
    ],
    "unit": "m",
    "endSize": 6,
    "isOutdoor": true,
    "maxArrows": 2400,
    "numberOfEnds": 400,
    "isImperial": false,
    "maxDistanceMetres": null,
    "maxDistanceYards": 10.940000000000001
  },
  "practice 10yd": {
    "distancesRoundSizes": [
      100
    ],
    "scores": [
      9,
      7,
      5,
      3,
      1,
      "M"
    ],
    "unit": "yd",
    "endSize": 6,
    "isOutdoor": true,
    "maxArrows": 1200,
    "numberOfEnds": 200,
    "isImperial": true,
    "maxDistanceMetres": 9.140767824497257,
    "maxDistanceYards": "10"
  },
  "practice 20m": {
    "distancesRoundSizes": [
      100,
      100
    ],
    "scores": [
      "X",
      10,
      9,
      8,
      7,
      6,
      5,
      4,
      3,
      2,
      1,
      "M"
    ],
    "unit": "m",
    "endSize": 6,
    "isOutdoor": true,
    "maxArrows": 2400,
    "numberOfEnds": 400,
    "isImperial": false,
    "maxDistanceMetres": null,
    "maxDistanceYards": 21.880000000000003
  },
  "practice 20yd": {
    "distancesRoundSizes": [
      100
    ],
    "scores": [
      9,
      7,
      5,
      3,
      1,
      "M"
    ],
    "unit": "yd",
    "endSize": 6,
    "isOutdoor": true,
    "maxArrows": 1200,
    "numberOfEnds": 200,
    "isImperial": true,
    "maxDistanceMetres": 18.281535648994513,
    "maxDistanceYards": "20"
  },
  "practice 30m": {
    "distancesRoundSizes": [
      100,
      100
    ],
    "scores": [
      "X",
      10,
      9,
      8,
      7,
      6,
      5,
      4,
      3,
      2,
      1,
      "M"
    ],
    "unit": "m",
    "endSize": 6,
    "isOutdoor": true,
    "maxArrows": 2400,
    "numberOfEnds": 400,
    "isImperial": false,
    "maxDistanceMetres": null,
    "maxDistanceYards": 32.82
  },
  "practice 30yd": {
    "distancesRoundSizes": [
      100
    ],
    "scores": [
      9,
      7,
      5,
      3,
      1,
      "M"
    ],
    "unit": "yd",
    "endSize": 6,
    "isOutdoor": true,
    "maxArrows": 1200,
    "numberOfEnds": 200,
    "isImperial": true,
    "maxDistanceMetres": 27.42230347349177,
    "maxDistanceYards": "30"
  },
  "practice 40m": {
    "distancesRoundSizes": [
      100,
      100
    ],
    "scores": [
      "X",
      10,
      9,
      8,
      7,
      6,
      5,
      4,
      3,
      2,
      1,
      "M"
    ],
    "unit": "m",
    "endSize": 6,
    "isOutdoor": true,
    "maxArrows": 2400,
    "numberOfEnds": 400,
    "isImperial": false,
    "maxDistanceMetres": null,
    "maxDistanceYards": 43.760000000000005
  },
  "practice 40yd": {
    "distancesRoundSizes": [
      100
    ],
    "scores": [
      9,
      7,
      5,
      3,
      1,
      "M"
    ],
    "unit": "yd",
    "endSize": 6,
    "isOutdoor": true,
    "maxArrows": 1200,
    "numberOfEnds": 200,
    "isImperial": true,
    "maxDistanceMetres": 36.563071297989026,
    "maxDistanceYards": "40"
  },
  "practice 50m": {
    "distancesRoundSizes": [
      100,
      100
    ],
    "scores": [
      "X",
      10,
      9,
      8,
      7,
      6,
      5,
      4,
      3,
      2,
      1,
      "M"
    ],
    "unit": "m",
    "endSize": 6,
    "isOutdoor": true,
    "maxArrows": 2400,
    "numberOfEnds": 400,
    "isImperial": false,
    "maxDistanceMetres": null,
    "maxDistanceYards": 54.7
  },
  "practice 50yd": {
    "distancesRoundSizes": [
      100
    ],
    "scores": [
      9,
      7,
      5,
      3,
      1,
      "M"
    ],
    "unit": "yd",
    "endSize": 6,
    "isOutdoor": true,
    "maxArrows": 1200,
    "numberOfEnds": 200,
    "isImperial": true,
    "maxDistanceMetres": 45.703839122486286,
    "maxDistanceYards": "50"
  },
  "practice 60m": {
    "distancesRoundSizes": [
      100,
      100
    ],
    "scores": [
      "X",
      10,
      9,
      8,
      7,
      6,
      5,
      4,
      3,
      2,
      1,
      "M"
    ],
    "unit": "m",
    "endSize": 6,
    "isOutdoor": true,
    "maxArrows": 2400,
    "numberOfEnds": 400,
    "isImperial": false,
    "maxDistanceMetres": null,
    "maxDistanceYards": 65.64
  },
  "practice 60yd": {
    "distancesRoundSizes": [
      100
    ],
    "scores": [
      9,
      7,
      5,
      3,
      1,
      "M"
    ],
    "unit": "yd",
    "endSize": 6,
    "isOutdoor": true,
    "maxArrows": 1200,
    "numberOfEnds": 200,
    "isImperial": true,
    "maxDistanceMetres": 54.84460694698354,
    "maxDistanceYards": "60"
  },
  "practice 70m": {
    "distancesRoundSizes": [
      100,
      100
    ],
    "scores": [
      "X",
      10,
      9,
      8,
      7,
      6,
      5,
      4,
      3,
      2,
      1,
      "M"
    ],
    "unit": "m",
    "endSize": 6,
    "isOutdoor": true,
    "maxArrows": 2400,
    "numberOfEnds": 400,
    "isImperial": false,
    "maxDistanceMetres": null,
    "maxDistanceYards": 76.58000000000001
  },
  "practice 80m": {
    "distancesRoundSizes": [
      100,
      100
    ],
    "scores": [
      "X",
      10,
      9,
      8,
      7,
      6,
      5,
      4,
      3,
      2,
      1,
      "M"
    ],
    "unit": "m",
    "endSize": 6,
    "isOutdoor": true,
    "maxArrows": 2400,
    "numberOfEnds": 400,
    "isImperial": false,
    "maxDistanceMetres": null,
    "maxDistanceYards": 87.52000000000001
  },
  "practice 80yd": {
    "distancesRoundSizes": [
      100
    ],
    "scores": [
      9,
      7,
      5,
      3,
      1,
      "M"
    ],
    "unit": "yd",
    "endSize": 6,
    "isOutdoor": true,
    "maxArrows": 1200,
    "numberOfEnds": 200,
    "isImperial": true,
    "maxDistanceMetres": 73.12614259597805,
    "maxDistanceYards": "80"
  },
  "practice 90m": {
    "distancesRoundSizes": [
      100,
      100
    ],
    "scores": [
      "X",
      10,
      9,
      8,
      7,
      6,
      5,
      4,
      3,
      2,
      1,
      "M"
    ],
    "unit": "m",
    "endSize": 6,
    "isOutdoor": true,
    "maxArrows": 2400,
    "numberOfEnds": 400,
    "isImperial": false,
    "maxDistanceMetres": null,
    "maxDistanceYards": 98.46000000000001
  },
  "practice 90yd": {
    "distancesRoundSizes": [
      100
    ],
    "scores": [
      9,
      7,
      5,
      3,
      1,
      "M"
    ],
    "unit": "yd",
    "endSize": 6,
    "isOutdoor": true,
    "maxArrows": 1200,
    "numberOfEnds": 200,
    "isImperial": true,
    "maxDistanceMetres": 82.26691042047531,
    "maxDistanceYards": "90"
  },
  "short metric / short metric i": {
    "distancesRoundSizes": [
      3,
      3
    ],
    "scores": [
      "X",
      10,
      9,
      8,
      7,
      6,
      5,
      4,
      3,
      2,
      1,
      "M"
    ],
    "unit": "m",
    "endSize": 6,
    "isOutdoor": true,
    "maxArrows": 72,
    "numberOfEnds": 12,
    "isImperial": false,
    "maxDistanceMetres": null,
    "maxDistanceYards": 54.7
  },
  "short metric ii": {
    "distancesRoundSizes": [
      3,
      3
    ],
    "scores": [
      "X",
      10,
      9,
      8,
      7,
      6,
      5,
      4,
      3,
      2,
      1,
      "M"
    ],
    "unit": "m",
    "endSize": 6,
    "isOutdoor": true,
    "maxArrows": 72,
    "numberOfEnds": 12,
    "isImperial": false,
    "maxDistanceMetres": null,
    "maxDistanceYards": 43.760000000000005
  },
  "short metric iii": {
    "distancesRoundSizes": [
      3,
      3
    ],
    "scores": [
      "X",
      10,
      9,
      8,
      7,
      6,
      5,
      4,
      3,
      2,
      1,
      "M"
    ],
    "unit": "m",
    "endSize": 6,
    "isOutdoor": true,
    "maxArrows": 72,
    "numberOfEnds": 12,
    "isImperial": false,
    "maxDistanceMetres": null,
    "maxDistanceYards": 32.82
  },
  "short metric iv": {
    "distancesRoundSizes": [
      3,
      3
    ],
    "scores": [
      "X",
      10,
      9,
      8,
      7,
      6,
      5,
      4,
      3,
      2,
      1,
      "M"
    ],
    "unit": "m",
    "endSize": 6,
    "isOutdoor": true,
    "maxArrows": 72,
    "numberOfEnds": 12,
    "isImperial": false,
    "maxDistanceMetres": null,
    "maxDistanceYards": 21.880000000000003
  },
  "short metric v": {
    "distancesRoundSizes": [
      3,
      3
    ],
    "scores": [
      9,
      7,
      5,
      3,
      1,
      "M"
    ],
    "unit": "yd",
    "endSize": 6,
    "isOutdoor": true,
    "maxArrows": 72,
    "numberOfEnds": 12,
    "isImperial": true,
    "maxDistanceMetres": null,
    "maxDistanceYards": 16.41
  },
  "st. george": {
    "distancesRoundSizes": [
      3,
      3,
      3
    ],
    "scores": [
      9,
      7,
      5,
      3,
      1,
      "M"
    ],
    "unit": "yd",
    "endSize": 6,
    "isOutdoor": true,
    "maxArrows": 108,
    "numberOfEnds": 18,
    "isImperial": true,
    "maxDistanceMetres": 91.40767824497257,
    "maxDistanceYards": 100
  },
  "st. nicholas": {
    "distancesRoundSizes": [
      4,
      3
    ],
    "scores": [
      9,
      7,
      5,
      3,
      1,
      "M"
    ],
    "unit": "yd",
    "endSize": 6,
    "isOutdoor": true,
    "maxArrows": 84,
    "numberOfEnds": 14,
    "isImperial": true,
    "maxDistanceMetres": 36.563071297989026,
    "maxDistanceYards": 40
  },
  "stafford": {
    "distancesRoundSizes": [
      6
    ],
    "scores": [
      10,
      9,
      8,
      7,
      6,
      5,
      4,
      3,
      2,
      1,
      "M"
    ],
    "unit": "m",
    "endSize": 6,
    "isOutdoor": false,
    "maxArrows": 72,
    "numberOfEnds": 12,
    "isImperial": false,
    "maxDistanceMetres": null,
    "maxDistanceYards": 32.82
  },
  "vegas 300": {
    "distancesRoundSizes": [
      2.5
    ],
    "scores": [
      "X",
      10,
      9,
      8,
      7,
      6,
      "M"
    ],
    "unit": "m",
    "endSize": 6,
    "isOutdoor": false,
    "maxArrows": 30,
    "numberOfEnds": 5,
    "isImperial": false,
    "maxDistanceMetres": 18.281535648994513,
    "maxDistanceYards": 20
  },
  "wa 1440 (60m) / metric ii": {
    "distancesRoundSizes": [
      3,
      3,
      3,
      3
    ],
    "scores": [
      "X",
      10,
      9,
      8,
      7,
      6,
      5,
      4,
      3,
      2,
      1,
      "M"
    ],
    "unit": "m",
    "endSize": 6,
    "isOutdoor": true,
    "maxArrows": 144,
    "numberOfEnds": 24,
    "isImperial": false,
    "maxDistanceMetres": null,
    "maxDistanceYards": 65.64
  },
  "wa 1440 (70m) / metric i": {
    "distancesRoundSizes": [
      3,
      3,
      3,
      3
    ],
    "scores": [
      "X",
      10,
      9,
      8,
      7,
      6,
      5,
      4,
      3,
      2,
      1,
      "M"
    ],
    "unit": "m",
    "endSize": 6,
    "isOutdoor": true,
    "maxArrows": 144,
    "numberOfEnds": 24,
    "isImperial": false,
    "maxDistanceMetres": null,
    "maxDistanceYards": 76.58000000000001
  },
  "wa 1440 (90m)": {
    "distancesRoundSizes": [
      3,
      3,
      3,
      3
    ],
    "scores": [
      "X",
      10,
      9,
      8,
      7,
      6,
      5,
      4,
      3,
      2,
      1,
      "M"
    ],
    "unit": "m",
    "endSize": 6,
    "isOutdoor": true,
    "maxArrows": 144,
    "numberOfEnds": 24,
    "isImperial": false,
    "maxDistanceMetres": null,
    "maxDistanceYards": 98.46000000000001
  },
  "wa 18m": {
    "distancesRoundSizes": [
      5
    ],
    "scores": [
      10,
      9,
      8,
      7,
      6,
      5,
      4,
      3,
      2,
      1,
      "M"
    ],
    "unit": "m",
    "endSize": 6,
    "isOutdoor": false,
    "maxArrows": 60,
    "numberOfEnds": 10,
    "isImperial": false,
    "maxDistanceMetres": null,
    "maxDistanceYards": 19.692
  },
  "wa 25m": {
    "distancesRoundSizes": [
      5
    ],
    "scores": [
      10,
      9,
      8,
      7,
      6,
      5,
      4,
      3,
      2,
      1,
      "M"
    ],
    "unit": "m",
    "endSize": 6,
    "isOutdoor": false,
    "maxArrows": 60,
    "numberOfEnds": 10,
    "isImperial": false,
    "maxDistanceMetres": null,
    "maxDistanceYards": 27.35
  },
  "wa 50m (barebow) / metric 122-50": {
    "distancesRoundSizes": [
      6
    ],
    "scores": [
      "X",
      10,
      9,
      8,
      7,
      6,
      5,
      4,
      3,
      2,
      1,
      "M"
    ],
    "unit": "m",
    "endSize": 6,
    "isOutdoor": true,
    "maxArrows": 72,
    "numberOfEnds": 12,
    "isImperial": false,
    "maxDistanceMetres": null,
    "maxDistanceYards": 54.7
  },
  "wa 50m (compound)": {
    "distancesRoundSizes": [
      6
    ],
    "scores": [
      "X",
      10,
      9,
      8,
      7,
      6,
      5,
      4,
      3,
      2,
      1,
      "M"
    ],
    "unit": "m",
    "endSize": 6,
    "isOutdoor": true,
    "maxArrows": 72,
    "numberOfEnds": 12,
    "isImperial": false,
    "maxDistanceMetres": null,
    "maxDistanceYards": 54.7
  },
  "wa 60m": {
    "distancesRoundSizes": [
      6
    ],
    "scores": [
      "X",
      10,
      9,
      8,
      7,
      6,
      5,
      4,
      3,
      2,
      1,
      "M"
    ],
    "unit": "m",
    "endSize": 6,
    "isOutdoor": true,
    "maxArrows": 72,
    "numberOfEnds": 12,
    "isImperial": false,
    "maxDistanceMetres": null,
    "maxDistanceYards": 65.64
  },
  "wa 70m": {
    "distancesRoundSizes": [
      6
    ],
    "scores": [
      "X",
      10,
      9,
      8,
      7,
      6,
      5,
      4,
      3,
      2,
      1,
      "M"
    ],
    "unit": "m",
    "endSize": 6,
    "isOutdoor": true,
    "maxArrows": 72,
    "numberOfEnds": 12,
    "isImperial": false,
    "maxDistanceMetres": null,
    "maxDistanceYards": 76.58000000000001
  },
  "wa 900": {
    "distancesRoundSizes": [
      2.5,
      2.5,
      2.5
    ],
    "scores": [
      "X",
      10,
      9,
      8,
      7,
      6,
      5,
      4,
      3,
      2,
      1,
      "M"
    ],
    "unit": "m",
    "endSize": 6,
    "isOutdoor": true,
    "maxArrows": 90,
    "numberOfEnds": 15,
    "isImperial": false,
    "maxDistanceMetres": null,
    "maxDistanceYards": 65.64
  },
  "wa standard bow": {
    "distancesRoundSizes": [
      3,
      3
    ],
    "scores": [
      "X",
      10,
      9,
      8,
      7,
      6,
      5,
      4,
      3,
      2,
      1,
      "M"
    ],
    "unit": "m",
    "endSize": 6,
    "isOutdoor": true,
    "maxArrows": 72,
    "numberOfEnds": 12,
    "isImperial": false,
    "maxDistanceMetres": null,
    "maxDistanceYards": 54.7
  },
  "warwick": {
    "distancesRoundSizes": [
      2,
      2
    ],
    "scores": [
      9,
      7,
      5,
      3,
      1,
      "M"
    ],
    "unit": "yd",
    "endSize": 6,
    "isOutdoor": true,
    "maxArrows": 48,
    "numberOfEnds": 8,
    "isImperial": true,
    "maxDistanceMetres": 54.84460694698354,
    "maxDistanceYards": 60
  },
  "warwick 30": {
    "distancesRoundSizes": [
      2,
      2
    ],
    "scores": [
      9,
      7,
      5,
      3,
      1,
      "M"
    ],
    "unit": "yd",
    "endSize": 6,
    "isOutdoor": true,
    "maxArrows": 48,
    "numberOfEnds": 8,
    "isImperial": true,
    "maxDistanceMetres": 27.42230347349177,
    "maxDistanceYards": 30
  },
  "warwick 40": {
    "distancesRoundSizes": [
      2,
      2
    ],
    "scores": [
      9,
      7,
      5,
      3,
      1,
      "M"
    ],
    "unit": "yd",
    "endSize": 6,
    "isOutdoor": true,
    "maxArrows": 48,
    "numberOfEnds": 8,
    "isImperial": true,
    "maxDistanceMetres": 36.563071297989026,
    "maxDistanceYards": 40
  },
  "warwick 50": {
    "distancesRoundSizes": [
      2,
      2
    ],
    "scores": [
      9,
      7,
      5,
      3,
      1,
      "M"
    ],
    "unit": "yd",
    "endSize": 6,
    "isOutdoor": true,
    "maxArrows": 48,
    "numberOfEnds": 8,
    "isImperial": true,
    "maxDistanceMetres": 45.703839122486286,
    "maxDistanceYards": 50
  },
  "western": {
    "distancesRoundSizes": [
      4,
      4
    ],
    "scores": [
      9,
      7,
      5,
      3,
      1,
      "M"
    ],
    "unit": "yd",
    "endSize": 6,
    "isOutdoor": true,
    "maxArrows": 96,
    "numberOfEnds": 16,
    "isImperial": true,
    "maxDistanceMetres": 54.84460694698354,
    "maxDistanceYards": 60
  },
  "western 30": {
    "distancesRoundSizes": [
      4,
      4
    ],
    "scores": [
      9,
      7,
      5,
      3,
      1,
      "M"
    ],
    "unit": "yd",
    "endSize": 6,
    "isOutdoor": true,
    "maxArrows": 96,
    "numberOfEnds": 16,
    "isImperial": true,
    "maxDistanceMetres": 27.42230347349177,
    "maxDistanceYards": 30
  },
  "western 40": {
    "distancesRoundSizes": [
      4,
      4
    ],
    "scores": [
      9,
      7,
      5,
      3,
      1,
      "M"
    ],
    "unit": "yd",
    "endSize": 6,
    "isOutdoor": true,
    "maxArrows": 96,
    "numberOfEnds": 16,
    "isImperial": true,
    "maxDistanceMetres": 36.563071297989026,
    "maxDistanceYards": 40
  },
  "western 50": {
    "distancesRoundSizes": [
      4,
      4
    ],
    "scores": [
      9,
      7,
      5,
      3,
      1,
      "M"
    ],
    "unit": "yd",
    "endSize": 6,
    "isOutdoor": true,
    "maxArrows": 96,
    "numberOfEnds": 16,
    "isImperial": true,
    "maxDistanceMetres": 45.703839122486286,
    "maxDistanceYards": 50
  },
  "windsor": {
    "distancesRoundSizes": [
      3,
      3,
      3
    ],
    "scores": [
      9,
      7,
      5,
      3,
      1,
      "M"
    ],
    "unit": "yd",
    "endSize": 6,
    "isOutdoor": true,
    "maxArrows": 108,
    "numberOfEnds": 18,
    "isImperial": true,
    "maxDistanceMetres": 54.84460694698354,
    "maxDistanceYards": 60
  },
  "windsor 30": {
    "distancesRoundSizes": [
      3,
      3,
      3
    ],
    "scores": [
      9,
      7,
      5,
      3,
      1,
      "M"
    ],
    "unit": "yd",
    "endSize": 6,
    "isOutdoor": true,
    "maxArrows": 108,
    "numberOfEnds": 18,
    "isImperial": true,
    "maxDistanceMetres": 27.42230347349177,
    "maxDistanceYards": 30
  },
  "windsor 40": {
    "distancesRoundSizes": [
      3,
      3,
      3
    ],
    "scores": [
      9,
      7,
      5,
      3,
      1,
      "M"
    ],
    "unit": "yd",
    "endSize": 6,
    "isOutdoor": true,
    "maxArrows": 108,
    "numberOfEnds": 18,
    "isImperial": true,
    "maxDistanceMetres": 36.563071297989026,
    "maxDistanceYards": 40
  },
  "windsor 50": {
    "distancesRoundSizes": [
      3,
      3,
      3
    ],
    "scores": [
      9,
      7,
      5,
      3,
      1,
      "M"
    ],
    "unit": "yd",
    "endSize": 6,
    "isOutdoor": true,
    "maxArrows": 108,
    "numberOfEnds": 18,
    "isImperial": true,
    "maxDistanceMetres": 45.703839122486286,
    "maxDistanceYards": 50
  },
  "worcester": {
    "distancesRoundSizes": [
      5
    ],
    "scores": [
      "X",
      5,
      4,
      3,
      2,
      1,
      "M"
    ],
    "unit": "m",
    "endSize": 5,
    "isOutdoor": false,
    "maxArrows": 50,
    "numberOfEnds": 10,
    "isImperial": false,
    "maxDistanceMetres": 18.281535648994513,
    "maxDistanceYards": 20
  },
  "york": {
    "distancesRoundSizes": [
      6,
      4,
      2
    ],
    "scores": [
      9,
      7,
      5,
      3,
      1,
      "M"
    ],
    "unit": "yd",
    "endSize": 6,
    "isOutdoor": true,
    "maxArrows": 144,
    "numberOfEnds": 24,
    "isImperial": true,
    "maxDistanceMetres": 91.40767824497257,
    "maxDistanceYards": 100
  }
}