[
  {
    "id": 0,
    "date": "2024-05-04",
    "score": 346,
    "gameType": "national 50",
    "scores": [
      7,
      7,
      5,
      5,
      5,
      3,
      7,
      5,
      5,
      3,
      3,
      1,
      5,
      3,
      1,
      "M",
      "M",
      "M",
      7,
      3,
      1,
      1,
      1,
      "M",
      5,
      5,
      3,
      3,
      3,
      1,
      9,
      7,
      7,
      5,
      3,
      3,
      7,
      7,
      5,
      5,
      5,
      3,
      9,
      9,
      5,
      5,
      3,
      1,
      9,
      9,
      9,
      7,
      7,
      7,
      5,
      5,
      5,
      5,
      3,
      1,
      9,
      7,
      7,
      7,
      7,
      7,
      7,
      7,
      5,
      5,
      5,
      5
    ],
    "unit": "yd"
  },
  {
    "id": 1,
    "date": "2024-05-05",
    "score": 379,
    "gameType": "national 50",
    "scores": [
      9,
      7,
      5,
      5,
      5,
      3,
      7,
      7,
      5,
      3,
      3,
      1,
      9,
      9,
      7,
      7,
      5,
      3,
      7,
      5,
      3,
      3,
      3,
      "M",
      7,
      7,
      7,
      5,
      5,
      1,
      7,
      7,
      5,
      5,
      3,
      3,
      9,
      7,
      7,
      5,
      5,
      3,
      9,
      7,
      5,
      5,
      3,
      3,
      7,
      5,
      5,
      5,
      3,
      3,
      9,
      7,
      5,
      5,
      3,
      3,
      9,
      9,
      7,
      5,
      5,
      3,
      9,
      5,
      5,
      5,
      3,
      3
    ],
    "unit": "yd"
  }
]