[
  {
    "roundBreakdown": [
      {
        "firstEnd": [
          9,
          9,
          7,
          7,
          3,
          3
        ],
        "secondEnd": [
          9,
          9,
          7,
          5,
          5,
          1
        ],
        "subTotals": {
          "hits": 12,
          "totalScore": 74,
          "golds": 4,
          "runningTotal": 74
        }
      },
      {
        "firstEnd": [
          9,
          7,
          7,
          7,
          5,
          5
        ],
        "secondEnd": [
          7,
          7,
          7,
          5,
          5,
          1
        ],
        "subTotals": {
          "hits": 12,
          "totalScore": 72,
          "golds": 1,
          "runningTotal": 146
        }
      },
      {
        "firstEnd": [
          9,
          7,
          7,
          3,
          3,
          1
        ],
        "secondEnd": [
          9,
          9,
          7,
          7,
          5,
          3
        ],
        "subTotals": {
          "hits": 12,
          "totalScore": 70,
          "golds": 3,
          "runningTotal": 216
        }
      }
    ],
    "subTotals": {
      "hits": 36,
      "totalScore": 216,
      "golds": 8
    }
  },
  {
    "roundBreakdown": [
      {
        "firstEnd": [
          9,
          7,
          7,
          5,
          5,
          5
        ],
        "secondEnd": [
          9,
          9,
          9,
          7,
          7,
          7
        ],
        "subTotals": {
          "hits": 12,
          "totalScore": 86,
          "golds": 4,
          "runningTotal": 302
        }
      },
      {
        "firstEnd": [
          9,
          9,
          9,
          9,
          7,
          7
        ],
        "secondEnd": [
          9,
          9,
          9,
          9,
          9,
          7
        ],
        "subTotals": {
          "hits": 12,
          "totalScore": 102,
          "golds": 9,
          "runningTotal": 404
        }
      },
      {
        "firstEnd": [
          9,
          7,
          7,
          7,
          7,
          5
        ],
        "secondEnd": [
          9,
          7,
          7,
          7,
          7,
          3
        ],
        "subTotals": {
          "hits": 12,
          "totalScore": 82,
          "golds": 2,
          "runningTotal": 486
        }
      }
    ],
    "subTotals": {
      "hits": 36,
      "totalScore": 270,
      "golds": 15
    }
  },
  {
    "roundBreakdown": [
      {
        "firstEnd": [
          9,
          9,
          9,
          9,
          7,
          7
        ],
        "secondEnd": [
          9,
          9,
          9,
          9,
          9,
          9
        ],
        "subTotals": {
          "hits": 12,
          "totalScore": 104,
          "golds": 10,
          "runningTotal": 590
        }
      },
      {
        "firstEnd": [
          9,
          9,
          9,
          9,
          9,
          7
        ],
        "secondEnd": [
          9,
          9,
          9,
          9,
          9,
          9
        ],
        "subTotals": {
          "hits": 12,
          "totalScore": 106,
          "golds": 11,
          "runningTotal": 696
        }
      },
      {
        "firstEnd": [
          9,
          9,
          9,
          9,
          9,
          9
        ],
        "secondEnd": [
          9,
          9,
          9,
          9,
          9,
          9
        ],
        "subTotals": {
          "hits": 12,
          "totalScore": 108,
          "golds": 12,
          "runningTotal": 804
        }
      }
    ],
    "subTotals": {
      "hits": 36,
      "totalScore": 318,
      "golds": 33
    }
  }
]