[
  {
    "roundBreakdown": [
      {
        "firstEnd": [
          10,
          8,
          8,
          8,
          7,
          6
        ],
        "secondEnd": [
          9,
          7,
          6,
          6,
          6,
          4
        ],
        "subTotals": {
          "hits": 12,
          "totalScore": 85,
          "golds": 2,
          "X": 0,
          "onTrackFor252": true,
          "runningTotal": 85
        }
      },
      {
        "firstEnd": [
          "X",
          8,
          6,
          5,
          3,
          2
        ],
        "secondEnd": [
          "X",
          10,
          8,
          8,
          8,
          6
        ],
        "subTotals": {
          "hits": 12,
          "totalScore": 84,
          "golds": 3,
          "X": 2,
          "onTrackFor252": true,
          "runningTotal": 169
        }
      },
      {
        "firstEnd": [
          9,
          9,
          8,
          6,
          5,
          5
        ],
        "secondEnd": [
          9,
          8,
          7,
          7,
          6,
          6
        ],
        "subTotals": {
          "hits": 12,
          "totalScore": 85,
          "golds": 3,
          "X": 0,
          "onTrackFor252": true,
          "runningTotal": 254
        }
      }
    ],
    "subTotals": {
      "hits": 36,
      "totalScore": 254,
      "golds": 8,
      "X": 2,
      "onTrackFor252": true
    },
    "avgScorePerEnd": null
  }
]